Slow 1100mV 85C Model report for DE10_Nano_wpms
Sat Oct  3 18:13:44 2026
Quartus Prime Version 23.1std.1 Build 993 05/14/2024 SC Lite Edition


---------------------
; Table of Contents ;
---------------------
  1. Legal Notice
  2. Command Info
  3. Summary of Paths
  4. Path #1: Setup slack is -6.805 (VIOLATED)



----------------
; Legal Notice ;
----------------
Copyright (C) 2024  Intel Corporation. All rights reserved.
Your use of Intel Corporation's design tools, logic functions 
and other software and tools, and any partner logic 
functions, and any output files from any of the foregoing 
(including device programming or simulation files), and any 
associated documentation or information are expressly subject 
to the terms and conditions of the Intel Program License 
Subscription Agreement, the Intel Quartus Prime License Agreement,
the Intel FPGA IP License Agreement, or other applicable license
agreement, including, without limitation, that your use is for
the sole purpose of programming logic devices manufactured by
Intel and sold by Intel or its authorized distributors.  Please
refer to the applicable agreement for further details, at
https://fpgasoftware.intel.com/eula.



----------------
; Command Info ;
----------------
Report Timing: Found 1 setup paths (1 violated).  Worst case slack is -6.805 

Tcl Command:
    report_timing -setup -multi_corner -file <local>/clk_sys_setup_worst_path_after.rpt -panel_name {Report Timing} -from_clock [get_clocks { *u_pll_sys*PLL_OUTPUT_COUNTER*divclk }] -to_clock [get_clocks { *u_pll_sys*PLL_OUTPUT_COUNTER*divclk }] -npaths 1 -detail full_path

Options:
    -from_clock [get_clocks { *u_pll_sys*PLL_OUTPUT_COUNTER*divclk }] 
    -to_clock [get_clocks { *u_pll_sys*PLL_OUTPUT_COUNTER*divclk }] 
    -setup 
    -npaths 1 
    -detail full_path 
    -panel_name {Report Timing} 
    -file {<local>/clk_sys_setup_worst_path_after.rpt} 
    -multi_corner 

Delay Model:
    Slow 1100mV 85C Model


+-----------------------------------------------------------------------------------------------------------------------------------------------------------------------------------------------------------------------------------------------------------------------------------------------------------------------------------------------------------------------------------------+
; Summary of Paths                                                                                                                                                                                                                                                                                                                                                                        ;
+--------+-------------------------------------------------------------------------------------------+---------------------------------------------------------------------------------------+-------------------------------------------------------------------------+-------------------------------------------------------------------------+--------------+------------+------------+
; Slack  ; From Node                                                                                 ; To Node                                                                               ; Launch Clock                                                            ; Latch Clock                                                             ; Relationship ; Clock Skew ; Data Delay ;
+--------+-------------------------------------------------------------------------------------------+---------------------------------------------------------------------------------------+-------------------------------------------------------------------------+-------------------------------------------------------------------------+--------------+------------+------------+
; -6.805 ; wpms_system:u_sys|wpms_synth_top:u_synth|wpms_l2_top:u_l2|wpms_formation:form|pmask[1][0] ; wpms_system:u_sys|wpms_synth_top:u_synth|wpms_l2_top:u_l2|wpms_formation:form|accm[8] ; u_pll_sys|g_intel.g_one.u_pll|general[0].gpll~PLL_OUTPUT_COUNTER|divclk ; u_pll_sys|g_intel.g_one.u_pll|general[0].gpll~PLL_OUTPUT_COUNTER|divclk ; 20.000       ; -0.546     ; 26.179     ;
+--------+-------------------------------------------------------------------------------------------+---------------------------------------------------------------------------------------+-------------------------------------------------------------------------+-------------------------------------------------------------------------+--------------+------------+------------+


Path #1: Setup slack is -6.805 (VIOLATED)
===============================================================================
+----------------------------------------------------------------------------------------------------------------+
; Path Summary                                                                                                   ;
+--------------------+-------------------------------------------------------------------------------------------+
; Property           ; Value                                                                                     ;
+--------------------+-------------------------------------------------------------------------------------------+
; From Node          ; wpms_system:u_sys|wpms_synth_top:u_synth|wpms_l2_top:u_l2|wpms_formation:form|pmask[1][0] ;
; To Node            ; wpms_system:u_sys|wpms_synth_top:u_synth|wpms_l2_top:u_l2|wpms_formation:form|accm[8]     ;
; Launch Clock       ; u_pll_sys|g_intel.g_one.u_pll|general[0].gpll~PLL_OUTPUT_COUNTER|divclk                   ;
; Latch Clock        ; u_pll_sys|g_intel.g_one.u_pll|general[0].gpll~PLL_OUTPUT_COUNTER|divclk                   ;
; Data Arrival Time  ; 30.666                                                                                    ;
; Data Required Time ; 23.861                                                                                    ;
; Slack              ; -6.805 (VIOLATED)                                                                         ;
+--------------------+-------------------------------------------------------------------------------------------+

+--------------------------------------------------------------------------------------+
; Statistics                                                                           ;
+------------------------+--------+-------+-------------+------------+--------+--------+
; Property               ; Value  ; Count ; Total Delay ; % of Total ; Min    ; Max    ;
+------------------------+--------+-------+-------------+------------+--------+--------+
; Setup Relationship     ; 20.000 ;       ;             ;            ;        ;        ;
; Clock Skew             ; -0.546 ;       ;             ;            ;        ;        ;
; Data Delay             ; 26.179 ;       ;             ;            ;        ;        ;
; Number of Logic Levels ;        ; 17    ;             ;            ;        ;        ;
; Physical Delays        ;        ;       ;             ;            ;        ;        ;
;  Arrival Path          ;        ;       ;             ;            ;        ;        ;
;   Clock                ;        ;       ;             ;            ;        ;        ;
;    IC                  ;        ; 6     ; 4.694       ; 56         ; 0.000  ; 2.364  ;
;    Cell                ;        ; 5     ; 3.734       ; 44         ; 0.329  ; 1.738  ;
;    PLL Compensation    ;        ; 1     ; -3.941      ; 0          ; -3.941 ; -3.941 ;
;   Data                 ;        ;       ;             ;            ;        ;        ;
;    IC                  ;        ; 41    ; 13.535      ; 52         ; 0.000  ; 1.494  ;
;    Cell                ;        ; 42    ; 12.644      ; 48         ; 0.000  ; 4.263  ;
;    uTco                ;        ; 1     ; 0.000       ; 0          ; 0.000  ; 0.000  ;
;  Required Path         ;        ;       ;             ;            ;        ;        ;
;   Clock                ;        ;       ;             ;            ;        ;        ;
;    IC                  ;        ; 6     ; 4.021       ; 55         ; 0.000  ; 1.918  ;
;    Cell                ;        ; 5     ; 3.318       ; 45         ; 0.304  ; 1.470  ;
;    PLL Compensation    ;        ; 1     ; -5.095      ; 0          ; -5.095 ; -5.095 ;
+------------------------+--------+-------+-------------+------------+--------+--------+
Note: Negative delays are omitted from totals when calculating percentages

+------------------------------------------------------------------------------------------------------------------------------------------------------------------+
; Data Arrival Path                                                                                                                                                ;
+----------+----------+----+------+--------+---------------------------+-------------------------------------------------------------------------------------------+
; Total    ; Incr     ; RF ; Type ; Fanout ; Location                  ; Element                                                                                   ;
+----------+----------+----+------+--------+---------------------------+-------------------------------------------------------------------------------------------+
; 0.000    ; 0.000    ;    ;      ;        ;                           ; launch edge time                                                                          ;
; 4.487    ; 4.487    ;    ;      ;        ;                           ; clock path                                                                                ;
;   0.000  ;   0.000  ;    ;      ;        ;                           ; source latency                                                                            ;
;   0.000  ;   0.000  ;    ;      ; 1      ; PIN_V11                   ; FPGA_CLK1_50                                                                              ;
;   0.000  ;   0.000  ; RR ; IC   ; 1      ; IOIBUF_X32_Y0_N1          ; FPGA_CLK1_50~input|i                                                                      ;
;   0.766  ;   0.766  ; RR ; CELL ; 2      ; IOIBUF_X32_Y0_N1          ; FPGA_CLK1_50~input|o                                                                      ;
;   2.087  ;   1.321  ; RR ; IC   ; 1      ; PLLREFCLKSELECT_X0_Y7_N0  ; u_pll_sys|g_intel.g_one.u_pll|general[0].gpll~PLL_REFCLK_SELECT|clkin[0]                  ;
;   2.420  ;   0.333  ; RR ; CELL ; 1      ; PLLREFCLKSELECT_X0_Y7_N0  ; u_pll_sys|g_intel.g_one.u_pll|general[0].gpll~PLL_REFCLK_SELECT|clkout                    ;
;   2.420  ;   0.000  ; RR ; IC   ; 10     ; FRACTIONALPLL_X0_Y1_N0    ; u_pll_sys|g_intel.g_one.u_pll|general[0].gpll~FRACTIONAL_PLL|refclkin                     ;
;   -1.521 ;   -3.941 ; RR ; COMP ; 1      ; FRACTIONALPLL_X0_Y1_N0    ; u_pll_sys|g_intel.g_one.u_pll|general[0].gpll~FRACTIONAL_PLL|vcoph[0]                     ;
;   -1.521 ;   0.000  ; RR ; IC   ; 1      ; PLLOUTPUTCOUNTER_X0_Y4_N1 ; u_pll_sys|g_intel.g_one.u_pll|general[0].gpll~PLL_OUTPUT_COUNTER|vco0ph[0]                ;
;   0.217  ;   1.738  ; RR ; CELL ; 1      ; PLLOUTPUTCOUNTER_X0_Y4_N1 ; u_pll_sys|g_intel.g_one.u_pll|general[0].gpll~PLL_OUTPUT_COUNTER|divclk                   ;
;   1.226  ;   1.009  ; RR ; IC   ; 1      ; CLKCTRL_G3                ; u_pll_sys|g_intel.g_one.u_pll|outclk_wire[0]~CLKENA0|inclk                                ;
;   1.555  ;   0.329  ; RR ; CELL ; 9864   ; CLKCTRL_G3                ; u_pll_sys|g_intel.g_one.u_pll|outclk_wire[0]~CLKENA0|outclk                               ;
;   3.919  ;   2.364  ; RR ; IC   ; 1      ; FF_X45_Y18_N20            ; u_sys|u_synth|u_l2|form|pmask[1][0]|clk                                                   ;
;   4.487  ;   0.568  ; RR ; CELL ; 1      ; FF_X45_Y18_N20            ; wpms_system:u_sys|wpms_synth_top:u_synth|wpms_l2_top:u_l2|wpms_formation:form|pmask[1][0] ;
; 30.666   ; 26.179   ;    ;      ;        ;                           ; data path                                                                                 ;
;   4.487  ;   0.000  ;    ; uTco ; 1      ; FF_X45_Y18_N20            ; wpms_system:u_sys|wpms_synth_top:u_synth|wpms_l2_top:u_l2|wpms_formation:form|pmask[1][0] ;
;   4.487  ;   0.000  ; FF ; CELL ; 6      ; FF_X45_Y18_N20            ; u_sys|u_synth|u_l2|form|pmask[1][0]|q                                                     ;
;   5.725  ;   1.238  ; FF ; IC   ; 1      ; LABCELL_X40_Y19_N24       ; u_sys|u_synth|u_l2|form|Mux1729~65|datad                                                  ;
;   6.241  ;   0.516  ; FF ; CELL ; 1      ; LABCELL_X40_Y19_N24       ; u_sys|u_synth|u_l2|form|Mux1729~65|combout                                                ;
;   6.457  ;   0.216  ; FF ; IC   ; 1      ; LABCELL_X40_Y19_N42       ; u_sys|u_synth|u_l2|form|Mux1729~0|dataf                                                   ;
;   6.539  ;   0.082  ; FF ; CELL ; 1      ; LABCELL_X40_Y19_N42       ; u_sys|u_synth|u_l2|form|Mux1729~0|combout                                                 ;
;   6.770  ;   0.231  ; FF ; IC   ; 1      ; LABCELL_X40_Y19_N12       ; u_sys|u_synth|u_l2|form|Mux1729~16|datad                                                  ;
;   7.284  ;   0.514  ; FF ; CELL ; 1      ; LABCELL_X40_Y19_N12       ; u_sys|u_synth|u_l2|form|Mux1729~16|combout                                                ;
;   8.198  ;   0.914  ; FF ; IC   ; 1      ; LABCELL_X40_Y21_N12       ; u_sys|u_synth|u_l2|form|Mux1729~64|datac                                                  ;
;   8.708  ;   0.510  ; FF ; CELL ; 14     ; LABCELL_X40_Y21_N12       ; u_sys|u_synth|u_l2|form|Mux1729~64|combout                                                ;
;   9.108  ;   0.400  ; FF ; IC   ; 1      ; MLABCELL_X39_Y21_N48      ; u_sys|u_synth|u_l2|form|Mux1799~4|dataf                                                   ;
;   9.205  ;   0.097  ; FR ; CELL ; 15     ; MLABCELL_X39_Y21_N48      ; u_sys|u_synth|u_l2|form|Mux1799~4|combout                                                 ;
;   10.268 ;   1.063  ; RR ; IC   ; 1      ; LABCELL_X45_Y22_N18       ; u_sys|u_synth|u_l2|form|Mux1802~15|datad                                                  ;
;   10.768 ;   0.500  ; RF ; CELL ; 2      ; LABCELL_X45_Y22_N18       ; u_sys|u_synth|u_l2|form|Mux1802~15|combout                                                ;
;   11.973 ;   1.205  ; FF ; IC   ; 1      ; LABCELL_X33_Y22_N24       ; u_sys|u_synth|u_l2|form|Mux1836~0|dataf                                                   ;
;   12.058 ;   0.085  ; FF ; CELL ; 2      ; LABCELL_X33_Y22_N24       ; u_sys|u_synth|u_l2|form|Mux1836~0|combout                                                 ;
;   12.262 ;   0.204  ; FF ; IC   ; 1      ; LABCELL_X33_Y22_N0        ; u_sys|u_synth|u_l2|form|m_b[10]~9|dataf                                                   ;
;   12.343 ;   0.081  ; FF ; CELL ; 2      ; LABCELL_X33_Y22_N0        ; u_sys|u_synth|u_l2|form|m_b[10]~9|combout                                                 ;
;   13.132 ;   0.789  ; FF ; IC   ; 33     ; DSP_X32_Y22_N0            ; u_sys|u_synth|u_l2|form|Mult0~140|ay[10]                                                  ;
;   17.395 ;   4.263  ; FF ; CELL ; 1      ; DSP_X32_Y22_N0            ; u_sys|u_synth|u_l2|form|Mult0~140|resulta[19]                                             ;
;   18.889 ;   1.494  ; FF ; IC   ; 2      ; LABCELL_X31_Y23_N27       ; u_sys|u_synth|u_l2|form|Mult0~105|datac                                                   ;
;   19.723 ;   0.834  ; FF ; CELL ; 1      ; LABCELL_X31_Y23_N27       ; u_sys|u_synth|u_l2|form|Mult0~105|cout                                                    ;
;   19.723 ;   0.000  ; FF ; IC   ; 2      ; LABCELL_X31_Y23_N30       ; u_sys|u_synth|u_l2|form|Mult0~113|cin                                                     ;
;   19.842 ;   0.119  ; FF ; CELL ; 1      ; LABCELL_X31_Y23_N30       ; u_sys|u_synth|u_l2|form|Mult0~113|cout                                                    ;
;   19.842 ;   0.000  ; FF ; IC   ; 2      ; LABCELL_X31_Y23_N33       ; u_sys|u_synth|u_l2|form|Mult0~85|cin                                                      ;
;   19.842 ;   0.000  ; FF ; CELL ; 1      ; LABCELL_X31_Y23_N33       ; u_sys|u_synth|u_l2|form|Mult0~85|cout                                                     ;
;   19.842 ;   0.000  ; FF ; IC   ; 2      ; LABCELL_X31_Y23_N36       ; u_sys|u_synth|u_l2|form|Mult0~93|cin                                                      ;
;   19.888 ;   0.046  ; FF ; CELL ; 1      ; LABCELL_X31_Y23_N36       ; u_sys|u_synth|u_l2|form|Mult0~93|cout                                                     ;
;   19.888 ;   0.000  ; FF ; IC   ; 2      ; LABCELL_X31_Y23_N39       ; u_sys|u_synth|u_l2|form|Mult0~89|cin                                                      ;
;   19.888 ;   0.000  ; FF ; CELL ; 1      ; LABCELL_X31_Y23_N39       ; u_sys|u_synth|u_l2|form|Mult0~89|cout                                                     ;
;   19.888 ;   0.000  ; FF ; IC   ; 2      ; LABCELL_X31_Y23_N42       ; u_sys|u_synth|u_l2|form|Mult0~97|cin                                                      ;
;   19.934 ;   0.046  ; FF ; CELL ; 1      ; LABCELL_X31_Y23_N42       ; u_sys|u_synth|u_l2|form|Mult0~97|cout                                                     ;
;   19.934 ;   0.000  ; FF ; IC   ; 2      ; LABCELL_X31_Y23_N45       ; u_sys|u_synth|u_l2|form|Mult0~117|cin                                                     ;
;   19.934 ;   0.000  ; FF ; CELL ; 1      ; LABCELL_X31_Y23_N45       ; u_sys|u_synth|u_l2|form|Mult0~117|cout                                                    ;
;   19.934 ;   0.000  ; FF ; IC   ; 2      ; LABCELL_X31_Y23_N48       ; u_sys|u_synth|u_l2|form|Mult0~125|cin                                                     ;
;   19.980 ;   0.046  ; FF ; CELL ; 1      ; LABCELL_X31_Y23_N48       ; u_sys|u_synth|u_l2|form|Mult0~125|cout                                                    ;
;   19.980 ;   0.000  ; FF ; IC   ; 2      ; LABCELL_X31_Y23_N51       ; u_sys|u_synth|u_l2|form|Mult0~121|cin                                                     ;
;   19.980 ;   0.000  ; FF ; CELL ; 1      ; LABCELL_X31_Y23_N51       ; u_sys|u_synth|u_l2|form|Mult0~121|cout                                                    ;
;   19.980 ;   0.000  ; FF ; IC   ; 2      ; LABCELL_X31_Y23_N54       ; u_sys|u_synth|u_l2|form|Mult0~129|cin                                                     ;
;   20.023 ;   0.043  ; FF ; CELL ; 1      ; LABCELL_X31_Y23_N54       ; u_sys|u_synth|u_l2|form|Mult0~129|cout                                                    ;
;   20.023 ;   0.000  ; FF ; IC   ; 2      ; LABCELL_X31_Y23_N57       ; u_sys|u_synth|u_l2|form|Mult0~5|cin                                                       ;
;   20.023 ;   0.000  ; FF ; CELL ; 1      ; LABCELL_X31_Y23_N57       ; u_sys|u_synth|u_l2|form|Mult0~5|cout                                                      ;
;   20.023 ;   0.000  ; FF ; IC   ; 2      ; LABCELL_X31_Y22_N0        ; u_sys|u_synth|u_l2|form|Mult0~13|cin                                                      ;
;   20.149 ;   0.126  ; FF ; CELL ; 1      ; LABCELL_X31_Y22_N0        ; u_sys|u_synth|u_l2|form|Mult0~13|cout                                                     ;
;   20.149 ;   0.000  ; FF ; IC   ; 2      ; LABCELL_X31_Y22_N3        ; u_sys|u_synth|u_l2|form|Mult0~9|cin                                                       ;
;   20.149 ;   0.000  ; FF ; CELL ; 1      ; LABCELL_X31_Y22_N3        ; u_sys|u_synth|u_l2|form|Mult0~9|cout                                                      ;
;   20.149 ;   0.000  ; FF ; IC   ; 2      ; LABCELL_X31_Y22_N6        ; u_sys|u_synth|u_l2|form|Mult0~17|cin                                                      ;
;   20.195 ;   0.046  ; FF ; CELL ; 1      ; LABCELL_X31_Y22_N6        ; u_sys|u_synth|u_l2|form|Mult0~17|cout                                                     ;
;   20.195 ;   0.000  ; FF ; IC   ; 2      ; LABCELL_X31_Y22_N9        ; u_sys|u_synth|u_l2|form|Mult0~37|cin                                                      ;
;   20.195 ;   0.000  ; FF ; CELL ; 1      ; LABCELL_X31_Y22_N9        ; u_sys|u_synth|u_l2|form|Mult0~37|cout                                                     ;
;   20.195 ;   0.000  ; FF ; IC   ; 2      ; LABCELL_X31_Y22_N12       ; u_sys|u_synth|u_l2|form|Mult0~45|cin                                                      ;
;   20.241 ;   0.046  ; FF ; CELL ; 1      ; LABCELL_X31_Y22_N12       ; u_sys|u_synth|u_l2|form|Mult0~45|cout                                                     ;
;   20.241 ;   0.000  ; FF ; IC   ; 2      ; LABCELL_X31_Y22_N15       ; u_sys|u_synth|u_l2|form|Mult0~41|cin                                                      ;
;   20.241 ;   0.000  ; FF ; CELL ; 1      ; LABCELL_X31_Y22_N15       ; u_sys|u_synth|u_l2|form|Mult0~41|cout                                                     ;
;   20.241 ;   0.000  ; FF ; IC   ; 2      ; LABCELL_X31_Y22_N18       ; u_sys|u_synth|u_l2|form|Mult0~49|cin                                                      ;
;   20.287 ;   0.046  ; FF ; CELL ; 1      ; LABCELL_X31_Y22_N18       ; u_sys|u_synth|u_l2|form|Mult0~49|cout                                                     ;
;   20.287 ;   0.000  ; FF ; IC   ; 2      ; LABCELL_X31_Y22_N21       ; u_sys|u_synth|u_l2|form|Mult0~21|cin                                                      ;
;   20.287 ;   0.000  ; FF ; CELL ; 1      ; LABCELL_X31_Y22_N21       ; u_sys|u_synth|u_l2|form|Mult0~21|cout                                                     ;
;   20.287 ;   0.000  ; FF ; IC   ; 2      ; LABCELL_X31_Y22_N24       ; u_sys|u_synth|u_l2|form|Mult0~29|cin                                                      ;
;   20.345 ;   0.058  ; FF ; CELL ; 1      ; LABCELL_X31_Y22_N24       ; u_sys|u_synth|u_l2|form|Mult0~29|cout                                                     ;
;   20.345 ;   0.000  ; FF ; IC   ; 2      ; LABCELL_X31_Y22_N27       ; u_sys|u_synth|u_l2|form|Mult0~25|cin                                                      ;
;   20.345 ;   0.000  ; FF ; CELL ; 1      ; LABCELL_X31_Y22_N27       ; u_sys|u_synth|u_l2|form|Mult0~25|cout                                                     ;
;   20.345 ;   0.000  ; FF ; IC   ; 2      ; LABCELL_X31_Y22_N30       ; u_sys|u_synth|u_l2|form|Mult0~33|cin                                                      ;
;   20.766 ;   0.421  ; FF ; CELL ; 4      ; LABCELL_X31_Y22_N30       ; u_sys|u_synth|u_l2|form|Mult0~33|sumout                                                   ;
;   21.680 ;   0.914  ; FF ; IC   ; 1      ; LABCELL_X30_Y25_N48       ; u_sys|u_synth|u_l2|form|ShiftRight1~10|datac                                              ;
;   22.195 ;   0.515  ; FF ; CELL ; 5      ; LABCELL_X30_Y25_N48       ; u_sys|u_synth|u_l2|form|ShiftRight1~10|combout                                            ;
;   23.385 ;   1.190  ; FF ; IC   ; 1      ; LABCELL_X30_Y19_N54       ; u_sys|u_synth|u_l2|form|ShiftRight1~13|datae                                              ;
;   23.605 ;   0.220  ; FF ; CELL ; 2      ; LABCELL_X30_Y19_N54       ; u_sys|u_synth|u_l2|form|ShiftRight1~13|combout                                            ;
;   24.420 ;   0.815  ; FF ; IC   ; 2      ; LABCELL_X29_Y21_N30       ; u_sys|u_synth|u_l2|form|Add0~49|datad                                                     ;
;   25.038 ;   0.618  ; FF ; CELL ; 1      ; LABCELL_X29_Y21_N30       ; u_sys|u_synth|u_l2|form|Add0~49|cout                                                      ;
;   25.038 ;   0.000  ; FF ; IC   ; 2      ; LABCELL_X29_Y21_N33       ; u_sys|u_synth|u_l2|form|Add0~21|cin                                                       ;
;   25.038 ;   0.000  ; FF ; CELL ; 1      ; LABCELL_X29_Y21_N33       ; u_sys|u_synth|u_l2|form|Add0~21|cout                                                      ;
;   25.038 ;   0.000  ; FF ; IC   ; 2      ; LABCELL_X29_Y21_N36       ; u_sys|u_synth|u_l2|form|Add0~69|cin                                                       ;
;   25.399 ;   0.361  ; FF ; CELL ; 1      ; LABCELL_X29_Y21_N36       ; u_sys|u_synth|u_l2|form|Add0~69|sumout                                                    ;
;   25.973 ;   0.574  ; FF ; IC   ; 1      ; MLABCELL_X28_Y21_N24      ; u_sys|u_synth|u_l2|form|Equal26~1|datad                                                   ;
;   26.551 ;   0.578  ; FF ; CELL ; 1      ; MLABCELL_X28_Y21_N24      ; u_sys|u_synth|u_l2|form|Equal26~1|combout                                                 ;
;   26.753 ;   0.202  ; FF ; IC   ; 1      ; MLABCELL_X28_Y21_N54      ; u_sys|u_synth|u_l2|form|Equal26~2|dataa                                                   ;
;   27.323 ;   0.570  ; FF ; CELL ; 5      ; MLABCELL_X28_Y21_N54      ; u_sys|u_synth|u_l2|form|Equal26~2|combout                                                 ;
;   27.565 ;   0.242  ; FF ; IC   ; 1      ; MLABCELL_X28_Y21_N0       ; u_sys|u_synth|u_l2|form|always41~28|datac                                                 ;
;   28.055 ;   0.490  ; FF ; CELL ; 2      ; MLABCELL_X28_Y21_N0       ; u_sys|u_synth|u_l2|form|always41~28|combout                                               ;
;   28.845 ;   0.790  ; FF ; IC   ; 1      ; LABCELL_X27_Y22_N42       ; u_sys|u_synth|u_l2|form|accm[8]~16|dataf                                                  ;
;   28.929 ;   0.084  ; FF ; CELL ; 34     ; LABCELL_X27_Y22_N42       ; u_sys|u_synth|u_l2|form|accm[8]~16|combout                                                ;
;   29.983 ;   1.054  ; FF ; IC   ; 1      ; FF_X25_Y24_N19            ; u_sys|u_synth|u_l2|form|accm[8]|ena                                                       ;
;   30.666 ;   0.683  ; FF ; CELL ; 1      ; FF_X25_Y24_N19            ; wpms_system:u_sys|wpms_synth_top:u_synth|wpms_l2_top:u_l2|wpms_formation:form|accm[8]     ;
+----------+----------+----+------+--------+---------------------------+-------------------------------------------------------------------------------------------+

+--------------------------------------------------------------------------------------------------------------------------------------------------------------+
; Data Required Path                                                                                                                                           ;
+----------+----------+----+------+--------+---------------------------+---------------------------------------------------------------------------------------+
; Total    ; Incr     ; RF ; Type ; Fanout ; Location                  ; Element                                                                               ;
+----------+----------+----+------+--------+---------------------------+---------------------------------------------------------------------------------------+
; 20.000   ; 20.000   ;    ;      ;        ;                           ; latch edge time                                                                       ;
; 23.941   ; 3.941    ;    ;      ;        ;                           ; clock path                                                                            ;
;   20.000 ;   0.000  ;    ;      ;        ;                           ; source latency                                                                        ;
;   20.000 ;   0.000  ;    ;      ; 1      ; PIN_V11                   ; FPGA_CLK1_50                                                                          ;
;   20.000 ;   0.000  ; RR ; IC   ; 1      ; IOIBUF_X32_Y0_N1          ; FPGA_CLK1_50~input|i                                                                  ;
;   20.766 ;   0.766  ; RR ; CELL ; 2      ; IOIBUF_X32_Y0_N1          ; FPGA_CLK1_50~input|o                                                                  ;
;   21.929 ;   1.163  ; RR ; IC   ; 1      ; PLLREFCLKSELECT_X0_Y7_N0  ; u_pll_sys|g_intel.g_one.u_pll|general[0].gpll~PLL_REFCLK_SELECT|clkin[0]              ;
;   22.239 ;   0.310  ; RR ; CELL ; 1      ; PLLREFCLKSELECT_X0_Y7_N0  ; u_pll_sys|g_intel.g_one.u_pll|general[0].gpll~PLL_REFCLK_SELECT|clkout                ;
;   22.239 ;   0.000  ; RR ; IC   ; 10     ; FRACTIONALPLL_X0_Y1_N0    ; u_pll_sys|g_intel.g_one.u_pll|general[0].gpll~FRACTIONAL_PLL|refclkin                 ;
;   17.144 ;   -5.095 ; RR ; COMP ; 1      ; FRACTIONALPLL_X0_Y1_N0    ; u_pll_sys|g_intel.g_one.u_pll|general[0].gpll~FRACTIONAL_PLL|vcoph[0]                 ;
;   17.144 ;   0.000  ; RR ; IC   ; 1      ; PLLOUTPUTCOUNTER_X0_Y4_N1 ; u_pll_sys|g_intel.g_one.u_pll|general[0].gpll~PLL_OUTPUT_COUNTER|vco0ph[0]            ;
;   18.614 ;   1.470  ; RR ; CELL ; 1      ; PLLOUTPUTCOUNTER_X0_Y4_N1 ; u_pll_sys|g_intel.g_one.u_pll|general[0].gpll~PLL_OUTPUT_COUNTER|divclk               ;
;   19.554 ;   0.940  ; RR ; IC   ; 1      ; CLKCTRL_G3                ; u_pll_sys|g_intel.g_one.u_pll|outclk_wire[0]~CLKENA0|inclk                            ;
;   19.858 ;   0.304  ; RR ; CELL ; 9864   ; CLKCTRL_G3                ; u_pll_sys|g_intel.g_one.u_pll|outclk_wire[0]~CLKENA0|outclk                           ;
;   21.776 ;   1.918  ; RR ; IC   ; 1      ; FF_X25_Y24_N19            ; u_sys|u_synth|u_l2|form|accm[8]|clk                                                   ;
;   22.244 ;   0.468  ; RR ; CELL ; 1      ; FF_X25_Y24_N19            ; wpms_system:u_sys|wpms_synth_top:u_synth|wpms_l2_top:u_l2|wpms_formation:form|accm[8] ;
;   23.941 ;   1.697  ;    ;      ;        ;                           ; clock pessimism removed                                                               ;
; 23.861   ; -0.080   ;    ;      ;        ;                           ; clock uncertainty                                                                     ;
; 23.861   ; 0.000    ;    ; uTsu ; 1      ; FF_X25_Y24_N19            ; wpms_system:u_sys|wpms_synth_top:u_synth|wpms_l2_top:u_l2|wpms_formation:form|accm[8] ;
+----------+----------+----+------+--------+---------------------------+---------------------------------------------------------------------------------------+

----------------------------
; Extra Fitter Information ;
----------------------------
HTML report is unavailable in plain text report export.



