# C3 first_go: the analysis input for the captured run, whose own log was overwritten by a second run.
# The 51 writes below are the second run's (first_go.log); they are the script's fixed list.
# The captured GO: GO_SEQ 2, APPLIED_SAMPLE 781956, read back by the second run before its own GO.
RESET
W 210 000000F0 -> 000000F0  triad 1 INBOX[1][0]
W 211 00000000 -> 00000000  triad 1 INBOX[1][1]
W 212 FFD30084 -> FFD30084  triad 1 INBOX[1][2]
W 213 001A7B20 -> 001A7B20  triad 1 INBOX[1][3]
W 214 FFF1D157 -> FFF1D157  triad 1 INBOX[1][4]
W 215 00000000 -> 00000000  triad 1 INBOX[1][5]
W 216 00000000 -> 00000000  triad 1 INBOX[1][6]
W 217 00000000 -> 00000000  triad 1 INBOX[1][7]
W 218 00000000 -> 00000000  triad 1 INBOX[1][8]
W 219 FFD30084 -> FFD30084  triad 1 INBOX[1][9]
W 21A 02C036FF -> 02C036FF  triad 1 INBOX[1][A]
W 21B 000015D8 -> 000015D8  triad 1 INBOX[1][B]
W 21C 00000000 -> 00000000  triad 1 INBOX[1][C]
W 21F FF9C47EC -> FF9C47EC  triad 1 INBOX[1][F]
W 281 00000001 -> 00000001  triad 1 RTOUT[1]
W 289 40019FFF -> 40019FFF  triad 1 COMMIT[1]
W 220 000000F0 -> 000000F0  triad 2 INBOX[2][0]
W 221 00000000 -> 00000000  triad 2 INBOX[2][1]
W 222 FFD30084 -> FFD30084  triad 2 INBOX[2][2]
W 223 001A7B20 -> 001A7B20  triad 2 INBOX[2][3]
W 224 FFF1D157 -> FFF1D157  triad 2 INBOX[2][4]
W 225 00000000 -> 00000000  triad 2 INBOX[2][5]
W 226 00000000 -> 00000000  triad 2 INBOX[2][6]
W 227 00000000 -> 00000000  triad 2 INBOX[2][7]
W 228 00000000 -> 00000000  triad 2 INBOX[2][8]
W 229 FFD30084 -> FFD30084  triad 2 INBOX[2][9]
W 22A 0379E7D7 -> 0379E7D7  triad 2 INBOX[2][A]
W 22B 000015D8 -> 000015D8  triad 2 INBOX[2][B]
W 22C 00000000 -> 00000000  triad 2 INBOX[2][C]
W 22F FF9C47EC -> FF9C47EC  triad 2 INBOX[2][F]
W 282 00000003 -> 00000003  triad 2 RTOUT[2]
W 28A 40019FFF -> 40019FFF  triad 2 COMMIT[2]
W 230 000000F0 -> 000000F0  triad 3 INBOX[3][0]
W 231 00000000 -> 00000000  triad 3 INBOX[3][1]
W 232 FFD30084 -> FFD30084  triad 3 INBOX[3][2]
W 233 001A7B20 -> 001A7B20  triad 3 INBOX[3][3]
W 234 FFF1D157 -> FFF1D157  triad 3 INBOX[3][4]
W 235 00000000 -> 00000000  triad 3 INBOX[3][5]
W 236 00000000 -> 00000000  triad 3 INBOX[3][6]
W 237 00000000 -> 00000000  triad 3 INBOX[3][7]
W 238 00000000 -> 00000000  triad 3 INBOX[3][8]
W 239 FFD30084 -> FFD30084  triad 3 INBOX[3][9]
W 23A 0424362A -> 0424362A  triad 3 INBOX[3][A]
W 23B 000015D8 -> 000015D8  triad 3 INBOX[3][B]
W 23C 00000000 -> 00000000  triad 3 INBOX[3][C]
W 23F FF9C47EC -> FF9C47EC  triad 3 INBOX[3][F]
W 283 00000002 -> 00000002  triad 3 RTOUT[3]
W 28B 40019FFF -> 40019FFF  triad 3 COMMIT[3]
W 290 00000D13 -> 00000D13  SWEEP [1, 2, 3]
W 291 40000000 -> 40000000  SWEEP_COMMIT arm
W 008 00000001 -> 00000000  GO
   applied GO 2 at sweep 781956  C major (read back by the second run)
