## iverilog -g2012 -DVCD_TOP=ptsg_core_tb -o sim /home/user/PTSG-Core/03_Sample_Implementations/ptsg_core_verilog/ptsg_core.v /home/user/PTSG-Core/03_Sample_Implementations/ptsg_core_verilog/ptsg_core_tb.v /home/user/PTSG-Core/03_Sample_Implementations/ai_friendly_vendor_wrappers/ptsg_imem/ptsg_imem.v /home/user/PTSG-WPMS-Formation/03_Sample_Implementations/hw/tools/vcd_dump.v
/home/user/PTSG-Core/03_Sample_Implementations/ptsg_core_verilog/ptsg_core_tb.v:40: warning: Port 23 (prescaler_counter) of ptsg_core expects 16 bits, got 32.
/home/user/PTSG-Core/03_Sample_Implementations/ptsg_core_verilog/ptsg_core_tb.v:40:        : Padding 16 high bits of the expression.
## iverilog -g2012 -DVCD_TOP=ptsg_core_tb -o sim /home/user/PTSG-WPMS-Formation/03_Sample_Implementations/hw/core/ptsg_core_rh031p.v /home/user/PTSG-Core/03_Sample_Implementations/ptsg_core_verilog/ptsg_core_tb.v /home/user/PTSG-Core/03_Sample_Implementations/ai_friendly_vendor_wrappers/ptsg_imem/ptsg_imem.v /home/user/PTSG-WPMS-Formation/03_Sample_Implementations/hw/tools/vcd_dump.v
/home/user/PTSG-Core/03_Sample_Implementations/ptsg_core_verilog/ptsg_core_tb.v:40: warning: Port 23 (prescaler_counter) of ptsg_core expects 16 bits, got 32.
/home/user/PTSG-Core/03_Sample_Implementations/ptsg_core_verilog/ptsg_core_tb.v:40:        : Padding 16 high bits of the expression.
## iverilog -g2012 -DVCD_TOP=ptsg_core_conformance_tb -o sim /home/user/PTSG-Core/03_Sample_Implementations/ptsg_core_verilog/ptsg_core.v /home/user/PTSG-Core/03_Sample_Implementations/ptsg_core_verilog/ptsg_core_conformance_tb.v /home/user/PTSG-Core/03_Sample_Implementations/ai_friendly_vendor_wrappers/ptsg_imem/ptsg_imem.v /home/user/PTSG-WPMS-Formation/03_Sample_Implementations/hw/tools/vcd_dump.v
/home/user/PTSG-Core/03_Sample_Implementations/ptsg_core_verilog/ptsg_core_conformance_tb.v:140: warning: Port 23 (prescaler_counter) of ptsg_core expects 16 bits, got 32.
/home/user/PTSG-Core/03_Sample_Implementations/ptsg_core_verilog/ptsg_core_conformance_tb.v:140:        : Padding 16 high bits of the expression.
## iverilog -g2012 -DVCD_TOP=ptsg_core_conformance_tb -o sim /home/user/PTSG-WPMS-Formation/03_Sample_Implementations/hw/core/ptsg_core_rh031p.v /home/user/PTSG-Core/03_Sample_Implementations/ptsg_core_verilog/ptsg_core_conformance_tb.v /home/user/PTSG-Core/03_Sample_Implementations/ai_friendly_vendor_wrappers/ptsg_imem/ptsg_imem.v /home/user/PTSG-WPMS-Formation/03_Sample_Implementations/hw/tools/vcd_dump.v
/home/user/PTSG-Core/03_Sample_Implementations/ptsg_core_verilog/ptsg_core_conformance_tb.v:140: warning: Port 23 (prescaler_counter) of ptsg_core expects 16 bits, got 32.
/home/user/PTSG-Core/03_Sample_Implementations/ptsg_core_verilog/ptsg_core_conformance_tb.v:140:        : Padding 16 high bits of the expression.
## iverilog -g2012 -s ptsg_core_sv0_tb -Pptsg_core_sv0_tb.PRESCALE=1 -o sv0_p1 /home/user/PTSG-WPMS-Formation/03_Sample_Implementations/hw/core/ptsg_core_rh031p.v ptsg_core_rh030_renamed.v /home/user/PTSG-WPMS-Formation/03_Sample_Implementations/hw/core/ptsg_core_sv_tb.v /home/user/PTSG-Core/03_Sample_Implementations/ai_friendly_vendor_wrappers/ptsg_imem/ptsg_imem.v

## iverilog -g2012 -s ptsg_core_sv0_tb -Pptsg_core_sv0_tb.PRESCALE=5 -Pptsg_core_sv0_tb.EPOCHS=200 -Pptsg_core_sv0_tb.EPOCH_CLOCKS=3000 -o sv0_p5 /home/user/PTSG-WPMS-Formation/03_Sample_Implementations/hw/core/ptsg_core_rh031p.v ptsg_core_rh030_renamed.v /home/user/PTSG-WPMS-Formation/03_Sample_Implementations/hw/core/ptsg_core_sv_tb.v /home/user/PTSG-Core/03_Sample_Implementations/ai_friendly_vendor_wrappers/ptsg_imem/ptsg_imem.v

## iverilog -g2012 -s ptsg_core_sv0_tb -Pptsg_core_sv0_tb.PRESCALE=6250 -o sv0_scene4 /home/user/PTSG-WPMS-Formation/03_Sample_Implementations/hw/core/ptsg_core_rh031p.v ptsg_core_rh030_renamed.v /home/user/PTSG-WPMS-Formation/03_Sample_Implementations/hw/core/ptsg_core_sv_tb.v /home/user/PTSG-Core/03_Sample_Implementations/ai_friendly_vendor_wrappers/ptsg_imem/ptsg_imem.v

## iverilog -g2012 -s ptsg_core_sv_tb -o sv_formB /home/user/PTSG-WPMS-Formation/03_Sample_Implementations/hw/core/ptsg_core_rh031p.v ptsg_core_rh030_renamed.v /home/user/PTSG-WPMS-Formation/03_Sample_Implementations/hw/core/ptsg_core_sv_tb.v /home/user/PTSG-Core/03_Sample_Implementations/ai_friendly_vendor_wrappers/ptsg_imem/ptsg_imem.v
/home/user/PTSG-WPMS-Formation/03_Sample_Implementations/hw/core/ptsg_core_sv_tb.v:85: warning: input port stay_value is coerced to inout.
## iverilog -g2012 -s ptsg_core_sv_tb -DSV_FORM_ANTIPATTERN -o sv_anti /home/user/PTSG-WPMS-Formation/03_Sample_Implementations/hw/core/ptsg_core_rh031p.v ptsg_core_rh030_renamed.v /home/user/PTSG-WPMS-Formation/03_Sample_Implementations/hw/core/ptsg_core_sv_tb.v /home/user/PTSG-Core/03_Sample_Implementations/ai_friendly_vendor_wrappers/ptsg_imem/ptsg_imem.v
/home/user/PTSG-WPMS-Formation/03_Sample_Implementations/hw/core/ptsg_core_sv_tb.v:85: warning: input port stay_value is coerced to inout.
/home/user/PTSG-WPMS-Formation/03_Sample_Implementations/hw/core/ptsg_core_sv_tb.v:103: vvp.tgt sorry: procedural continuous assignments are not yet fully supported. The RHS of this assignment will only be evaluated once, at the time the assignment statement is executed.
## iverilog -g2012 -s ptsg_core_sv_tb -DSV_FORM_A -o sv_formA /home/user/PTSG-WPMS-Formation/03_Sample_Implementations/hw/core/ptsg_core_rh031p.v ptsg_core_rh030_renamed.v /home/user/PTSG-WPMS-Formation/03_Sample_Implementations/hw/core/ptsg_core_sv_tb.v /home/user/PTSG-Core/03_Sample_Implementations/ai_friendly_vendor_wrappers/ptsg_imem/ptsg_imem.v
/home/user/PTSG-WPMS-Formation/03_Sample_Implementations/hw/core/ptsg_core_sv_tb.v:85: warning: input port stay_value is coerced to inout.
/home/user/PTSG-WPMS-Formation/03_Sample_Implementations/hw/core/ptsg_core_sv_tb.v:110: vvp.tgt sorry: procedural continuous assignments are not yet fully supported. The RHS of this assignment will only be evaluated once, at the time the assignment statement is executed.
