TBBmalloc: skip allocation functions replacement in ucrtbase.dll: unknown prologue for function _msize
Info: *******************************************************************
Info: Running Quartus Prime Signal Tap
    Info: Version 23.1std.1 Build 993 05/14/2024 SC Lite Edition
    Info: Copyright (C) 2024  Intel Corporation. All rights reserved.
    Info: Your use of Intel Corporation's design tools, logic functions 
    Info: and other software and tools, and any partner logic 
    Info: functions, and any output files from any of the foregoing 
    Info: (including device programming or simulation files), and any 
    Info: associated documentation or information are expressly subject 
    Info: to the terms and conditions of the Intel Program License 
    Info: Subscription Agreement, the Intel Quartus Prime License Agreement,
    Info: the Intel FPGA IP License Agreement, or other applicable license
    Info: agreement, including, without limitation, that your use is for
    Info: the sole purpose of programming logic devices manufactured by
    Info: Intel and sold by Intel or its authorized distributors.  Please
    Info: refer to the applicable agreement for further details, at
    Info: https://fpgasoftware.intel.com/eula.
    Info: Processing started: Sun Oct  4 21:14:55 2026
Info: Command: quartus_stp -t <local>\reset_board.tcl
CABLE=DE-SoC [USB-1] DEVICE=@2: 5CSEBA6(.|ES)/5CSEMA6/.. (0x02D020DD) INSTANCES={0 48 36 HOST} {1 1 128 STAT} {2 1 96 INSP} {3 1 21 BRD}
BRD_SOURCE=0
BRD_PROBE=002FCF
SW=3 KEY=3 PLL_LOCKS=7
RESET_ASSERTED=1
RESET_RELEASED=0
RESET
Info (23030): Evaluation of Tcl script <local>\reset_board.tcl was successful
Info: Quartus Prime Signal Tap was successful. 0 errors, 0 warnings
    Info: Peak virtual memory: 4573 megabytes
    Info: Processing ended: Sun Oct  4 21:14:56 2026
    Info: Elapsed time: 00:00:01
    Info: Total CPU time (on all processors): 00:00:00
