quartus_stp.exe : TBBmalloc: skip allocation functions replacement in ucrtbase.dll: unknown prologue for function _msiz
e
発生場所 行:1 文字:1
+ & '<quartus>\bin64\quartus_stp.exe' `
+ ~~~~~~~~~~~~~~~~~~~~~~~~~~~~~~~~~~~~~~~~~~~~~~~~~~~~~~~~~~~~~
    + CategoryInfo          : NotSpecified: (TBBmalloc: skip...function _msize:String) [], RemoteException
    + FullyQualifiedErrorId : NativeCommandError
 
Info: *******************************************************************
Info: Running Quartus Prime Signal Tap
    Info: Version 23.1std.1 Build 993 05/14/2024 SC Lite Edition
    Info: Copyright (C) 2024  Intel Corporation. All rights reserved.
    Info: Your use of Intel Corporation's design tools, logic functions 
    Info: and other software and tools, and any partner logic 
    Info: functions, and any output files from any of the foregoing 
    Info: (including device programming or simulation files), and any 
    Info: associated documentation or information are expressly subject 
    Info: to the terms and conditions of the Intel Program License 
    Info: Subscription Agreement, the Intel Quartus Prime License Agreement,
    Info: the Intel FPGA IP License Agreement, or other applicable license
    Info: agreement, including, without limitation, that your use is for
    Info: the sole purpose of programming logic devices manufactured by
    Info: Intel and sold by Intel or its authorized distributors.  Please
    Info: refer to the applicable agreement for further details, at
    Info: https://fpgasoftware.intel.com/eula.
    Info: Processing started: Sun Oct  4 21:43:29 2026
Info: Command: quartus_stp -t .\host\wpms_phase6_ew6_1008.tcl
wpms: DE-SoC [USB-1] / @2: 5CSEBA6(.|ES)/5CSEMA6/.. (0x02D020DD), HOST = instance 0, source 001800000000
R 009 -> 00000005  GO_SEQ
W 205 FFFFFFFF -> FFFFFFFF  INBOX[0][5] LE0 = -1
W 288 40000020 -> 40000020  COMMIT[0] LE0, arm
W 008 00000001 -> 00000000  GO
   applied GO 6 at sweep 82243832  LE0 < 0 in block 0
Info (23030): Evaluation of Tcl script .\host\wpms_phase6_ew6_1008.tcl was successful
Info: Quartus Prime Signal Tap was successful. 0 errors, 0 warnings
    Info: Peak virtual memory: 4573 megabytes
    Info: Processing ended: Sun Oct  4 21:43:29 2026
    Info: Elapsed time: 00:00:00
    Info: Total CPU time (on all processors): 00:00:00
