WPMS Layer 1 oracle — evidence class ORACLE (not silicon)

[PASS] CH3-EXP2      exp2 unit error; table fits one M10K  (Ch.3 § 3.5.4)
        PASS  max absolute error 11.68 LSB of Q1.31
        PASS  max relative error for a >= 2^-7: 2^-24.0
        INFO  pitfall: relative error over outputs down to 2^-23 reads 2^-8.0 - that is the Q1.31 LSB near the floor, not the unit
        PASS  table 256 x 31 bits = 7936 bits -> one M10K
[PASS] CH3-E2E       end-to-end: sigma = 71 Gaussian plays in the log domain  (Ch.3 § 3.5.1-3.5.5)
        PASS  naive: 927 audible bins (linear domain: 0)
        PASS  naive: exp2-only error vs realized slots 2^-24.3
        PASS  naive: deviation from requested Gaussian 2^-12.3 (slot quantization)
        PASS  consistent: 927 audible bins (linear domain: 0)
        PASS  consistent: exp2-only error vs realized slots 2^-24.2
        PASS  consistent: deviation from requested Gaussian 2^-15.1 (slot quantization)
        INFO  pitfall: with A0 = 1 the apex sits on the per-bin clamp and reads 2^-15.7 - test at A0 < 1
[PASS] CH4-CREST     crest factor: Dirichlet vs Schroeder vs random  (Ch.4 § 4.4.3)
        PASS  Dirichlet (zero phase): crest 36.12 dB
        PASS  Schroeder psi = pi/N: crest 5.60 dB
        PASS  random (seed 1): crest 12.17 dB
        PASS  Dirichlet at G = 12: RMS -42.4 dBFS
        PASS  Schroeder at G = 8: peak -12.7 dBFS
        PASS  Schroeder at G = 8: RMS -18.3 dBFS
        PASS  Schroeder packet: PHD2 = 2^21, PHD1 = 2^20
[PASS] CH4-MG        master-gain slew and fade time  (Ch.4 § 4.4.1, § 4.4.5)
        PASS  60 dB/s -> 13933 per sample (Q6.26)
        PASS  0 dB -> -60 dB in 1.000 s

ALL PASS
