cosim_mutants: each mutant is one defect in a scratch copy of wpms_formation.v — evidence class RTL-SIM
  id   verdict   defect  ->  failing cases by group
  M1   KILLED    store reads ignore pending slots (no forwarding from the inbox)  ->  fwd 53, timing 1, random 1
  M2   KILLED    a datapath write to a pending slot does not cancel its copy  ->  fwd 33, timing 1
  M3   KILLED    ADD saturates on positive overflow instead of wrapping (W-F30)  ->  packet 51, fwd 25, neg 2, timing 1, random 2
  M4   KILLED    BCP in the strobe's clock wins over the strobe (execute after strobe)  ->  timing 1, random 1
  M5   KILLED    must-be-zero immediate not checked for operand-less instructions  ->  e4 14
  M6   KILLED    the CUR alias follows ADRS instead of order[q]  ->  packet 60, neg 3, timing 1, random 86
  M7   KILLED    MAC realigns with a logical shift  ->  exp 10, random 73
  M8   KILLED    bundle order: LP and LS0 swapped on the prefetch port  ->  prefetch 14
  M9   KILLED    EW2 lower bound off by one (N = N_MIN rejected)  ->  prefetch 1
  M10  KILLED    K read at execute instead of with the issue (F-F10 alignment)  ->  random 17
  M11  KILLED    the violating STM still writes the store  ->  e4 4, random 11
  M12  KILLED    BCP checks the sweep's sum N on the pre-copy N  ->  hk 19
  M13  KILLED    STP reads its source before the EW6 check (E5 wins over EW6)  ->  random 1
  M14  KILLED    inbox_taken rises at BCP's edge, before the copy has landed  ->  invariant/protocol 1850
  M15  KILLED    the copy engine does not pause for a datapath store write  ->  fwd 71, timing 1, random 7
  M16  KILLED    STA TEMP also writes the store (destination ID ignored)  ->  neg 4, e4 377, random 178
  M17  KILLED    E8 not raised on a left SFT overflow (the model raises it: SD-13)  ->  random 3
  M18  KILLED    status view: phase bit inverted  ->  random 27
  M19  KILLED    no backstop: sum N checked only when a sweep item is taken  ->  hk 6
  M20  KILLED    a repeated block in the sweep item is not refused  ->  hk 28, neg 1
cosim_mutants: 20/20 mutants killed
