Multicorner Timing Analysis Summary report for DE10_Nano_wpms
Sat Oct  3 15:22:12 2026
Quartus Prime Version 23.1std.1 Build 993 05/14/2024 SC Lite Edition


---------------------
; Table of Contents ;
---------------------
  1. Legal Notice
  2. Multicorner Timing Analysis Summary



----------------
; Legal Notice ;
----------------
Copyright (C) 2024  Intel Corporation. All rights reserved.
Your use of Intel Corporation's design tools, logic functions 
and other software and tools, and any partner logic 
functions, and any output files from any of the foregoing 
(including device programming or simulation files), and any 
associated documentation or information are expressly subject 
to the terms and conditions of the Intel Program License 
Subscription Agreement, the Intel Quartus Prime License Agreement,
the Intel FPGA IP License Agreement, or other applicable license
agreement, including, without limitation, that your use is for
the sole purpose of programming logic devices manufactured by
Intel and sold by Intel or its authorized distributors.  Please
refer to the applicable agreement for further details, at
https://fpgasoftware.intel.com/eula.



+------------------------------------------------------------------------------------------------------------------------------------------+
; Multicorner Timing Analysis Summary                                                                                                      ;
+--------------------------------------------------------------------------+------------+-------+----------+---------+---------------------+
; Clock                                                                    ; Setup      ; Hold  ; Recovery ; Removal ; Minimum Pulse Width ;
+--------------------------------------------------------------------------+------------+-------+----------+---------+---------------------+
; Worst-case Slack                                                         ; -14.307    ; 0.033 ; 35.228   ; 0.423   ; 1.122               ;
;  FPGA_CLK1_50                                                            ; 12.962     ; 0.167 ; N/A      ; N/A     ; 9.065               ;
;  FPGA_CLK2_50                                                            ; N/A        ; N/A   ; N/A      ; N/A     ; 9.286               ;
;  FPGA_CLK3_50                                                            ; N/A        ; N/A   ; N/A      ; N/A     ; 9.286               ;
;  altera_reserved_tck                                                     ; 3.395      ; 0.167 ; 35.228   ; 0.423   ; 18.217              ;
;  hdmi_tx_clk                                                             ; 2.975      ; 2.968 ; N/A      ; N/A     ; N/A                 ;
;  u_pll_aud|g_intel.g_one.u_pll|general[0].gpll~FRACTIONAL_PLL|vcoph[0]   ; N/A        ; N/A   ; N/A      ; N/A     ; 1.233               ;
;  u_pll_aud|g_intel.g_one.u_pll|general[0].gpll~PLL_OUTPUT_COUNTER|divclk ; 74.428     ; 0.298 ; N/A      ; N/A     ; 39.884              ;
;  u_pll_pix|g_intel.g_two.u_pll|general[0].gpll~FRACTIONAL_PLL|vcoph[0]   ; N/A        ; N/A   ; N/A      ; N/A     ; 1.122               ;
;  u_pll_pix|g_intel.g_two.u_pll|general[0].gpll~PLL_OUTPUT_COUNTER|divclk ; 6.516      ; 0.195 ; N/A      ; N/A     ; 5.787               ;
;  u_pll_pix|g_intel.g_two.u_pll|general[1].gpll~PLL_OUTPUT_COUNTER|divclk ; N/A        ; N/A   ; N/A      ; N/A     ; 6.520               ;
;  u_pll_sys|g_intel.g_one.u_pll|general[0].gpll~FRACTIONAL_PLL|vcoph[0]   ; N/A        ; N/A   ; N/A      ; N/A     ; 1.666               ;
;  u_pll_sys|g_intel.g_one.u_pll|general[0].gpll~PLL_OUTPUT_COUNTER|divclk ; -14.307    ; 0.033 ; N/A      ; N/A     ; 8.541               ;
; Design-wide TNS                                                          ; -65525.293 ; 0.0   ; 0.0      ; 0.0     ; 0.0                 ;
;  FPGA_CLK1_50                                                            ; 0.000      ; 0.000 ; N/A      ; N/A     ; 0.000               ;
;  FPGA_CLK2_50                                                            ; N/A        ; N/A   ; N/A      ; N/A     ; 0.000               ;
;  FPGA_CLK3_50                                                            ; N/A        ; N/A   ; N/A      ; N/A     ; 0.000               ;
;  altera_reserved_tck                                                     ; 0.000      ; 0.000 ; 0.000    ; 0.000   ; 0.000               ;
;  hdmi_tx_clk                                                             ; 0.000      ; 0.000 ; N/A      ; N/A     ; N/A                 ;
;  u_pll_aud|g_intel.g_one.u_pll|general[0].gpll~FRACTIONAL_PLL|vcoph[0]   ; N/A        ; N/A   ; N/A      ; N/A     ; 0.000               ;
;  u_pll_aud|g_intel.g_one.u_pll|general[0].gpll~PLL_OUTPUT_COUNTER|divclk ; 0.000      ; 0.000 ; N/A      ; N/A     ; 0.000               ;
;  u_pll_pix|g_intel.g_two.u_pll|general[0].gpll~FRACTIONAL_PLL|vcoph[0]   ; N/A        ; N/A   ; N/A      ; N/A     ; 0.000               ;
;  u_pll_pix|g_intel.g_two.u_pll|general[0].gpll~PLL_OUTPUT_COUNTER|divclk ; 0.000      ; 0.000 ; N/A      ; N/A     ; 0.000               ;
;  u_pll_pix|g_intel.g_two.u_pll|general[1].gpll~PLL_OUTPUT_COUNTER|divclk ; N/A        ; N/A   ; N/A      ; N/A     ; 0.000               ;
;  u_pll_sys|g_intel.g_one.u_pll|general[0].gpll~FRACTIONAL_PLL|vcoph[0]   ; N/A        ; N/A   ; N/A      ; N/A     ; 0.000               ;
;  u_pll_sys|g_intel.g_one.u_pll|general[0].gpll~PLL_OUTPUT_COUNTER|divclk ; -65525.293 ; 0.000 ; N/A      ; N/A     ; 0.000               ;
+--------------------------------------------------------------------------+------------+-------+----------+---------+---------------------+


